// Vitest Snapshot v1, https://vitest.dev/guide/snapshot.html

exports[`Projects Component > matches snapshot with new Intesa projects 1`] = `
<DocumentFragment>
  <section
    class="px-4 py-6 sm:px-6 md:px-8 max-w-7xl mx-auto"
  >
    <h2
      class="text-2xl sm:text-3xl font-bold mb-4 sm:mb-6 text-gray-900 dark:text-white"
    >
      Projects
    </h2>
    <div
      class="flex flex-col md:flex-row gap-6"
    >
      <div
        class="md:w-1/4"
      >
        <div
          class="flex flex-row md:flex-col gap-2 md:gap-4 overflow-x-auto md:overflow-visible no-scrollbar snap-x md:snap-none px-1 pb-3 md:pb-0"
        >
          <button
            aria-pressed="true"
            class="px-4 py-2 rounded-lg border text-sm whitespace-nowrap transition-all bg-blue-600 text-white shadow-md hover:shadow-lg dark:bg-blue-500"
          >
            Intesa Sanpaolo
          </button>
          <button
            aria-pressed="false"
            class="px-4 py-2 rounded-lg border text-sm whitespace-nowrap transition-all bg-gray-200 hover:bg-gray-300 shadow-sm dark:bg-gray-800 dark:hover:bg-gray-700 text-gray-800 dark:text-gray-200"
          >
            RGI
          </button>
          <button
            aria-pressed="false"
            class="px-4 py-2 rounded-lg border text-sm whitespace-nowrap transition-all bg-gray-200 hover:bg-gray-300 shadow-sm dark:bg-gray-800 dark:hover:bg-gray-700 text-gray-800 dark:text-gray-200"
          >
            Italiaonline
          </button>
          <button
            aria-pressed="false"
            class="px-4 py-2 rounded-lg border text-sm whitespace-nowrap transition-all bg-gray-200 hover:bg-gray-300 shadow-sm dark:bg-gray-800 dark:hover:bg-gray-700 text-gray-800 dark:text-gray-200"
          >
            TECNAVIA APPS s.r.l.
          </button>
          <button
            aria-pressed="false"
            class="px-4 py-2 rounded-lg border text-sm whitespace-nowrap transition-all bg-gray-200 hover:bg-gray-300 shadow-sm dark:bg-gray-800 dark:hover:bg-gray-700 text-gray-800 dark:text-gray-200"
          >
            Teoresi
          </button>
          <button
            aria-pressed="false"
            class="px-4 py-2 rounded-lg border text-sm whitespace-nowrap transition-all bg-gray-200 hover:bg-gray-300 shadow-sm dark:bg-gray-800 dark:hover:bg-gray-700 text-gray-800 dark:text-gray-200"
          >
            Fastweb
          </button>
        </div>
      </div>
      <div
        class="flex-1 relative"
      >
        <div
          class="md:hidden sticky top-0 z-20 bg-white/80 dark:bg-gray-900/80 backdrop-blur-md py-2 mb-4 border-b border-gray-200 dark:border-gray-700"
        >
          <div
            class="flex flex-wrap justify-center items-center gap-3 mt-8 "
          >
            <button
              class="min-w-[110px] px-4 py-2 border border-gray-300 dark:border-gray-600 rounded-md text-sm font-medium
                           text-gray-800 dark:text-gray-200 bg-white dark:bg-gray-900
                           hover:bg-gray-100 dark:hover:bg-gray-800 disabled:opacity-50 transition text-center"
              disabled=""
            >
              ← Prev
            </button>
            <span
              class="px-4 py-2 text-sm text-gray-600 dark:text-gray-300 whitespace-nowrap"
              data-testid="pagination-info"
            >
              1 / 2
            </span>
            <button
              class="min-w-[110px] px-4 py-2 border border-gray-300 dark:border-gray-600 rounded-md text-sm font-medium
                           text-gray-800 dark:text-gray-200 bg-white dark:bg-gray-900
                           hover:bg-gray-100 dark:hover:bg-gray-800 disabled:opacity-50 transition text-center"
            >
              Next →
            </button>
          </div>
        </div>
        <div
          class="flex flex-col items-center gap-6"
          style="opacity: 0; transform: translateY(40px);"
        >
          <section
            class="// Template literal più leggibile
                rounded-2xl bg-gray-100 dark:bg-gray-800 
                border border-gray-300 dark:border-gray-700 
                shadow-md hover:shadow-lg transition-shadow 
                p-4 sm:p-6 w-full relative w-full max-w-2xl md:max-w-3xl p-5 sm:p-6 border border-gray-200/60
                                                       dark:border-gray-700/60 bg-white/60 dark:bg-gray-800/40 backdrop-blur-md
                                                       rounded-xl hover:shadow-lg transition-all duration-300"
          >
            <div
              class="p-4 sm:p-6 md:p-8
                text-sm sm:text-base
                text-gray-900 dark:text-gray-300"
            >
              <h3
                class="text-lg font-semibold"
              >
                AS/400 Reporting Frontend Modernization
              </h3>
              <p
                class="text-gray-700 dark:text-gray-400"
              >
                Intesa Sanpaolo
              </p>
              <p
                class="text-sm mb-2 text-gray-600 dark:text-gray-500"
              >
                12/2025 - Present
              </p>
              <div
                class="relative"
              >
                <div
                  aria-expanded="false"
                  class="text-sm sm:text-base whitespace-pre-wrap overflow-hidden transition-all duration-500 ease-in-out relative mb-2 text-sm"
                  style="max-height: 4.5em;"
                >
                  Design and implementation of scalable frontend architectures integrated with legacy RPG systems for foreign network reporting; optimized UI/UX.
                </div>
              </div>
              <div
                data-headlessui-state=""
              >
                <button
                  aria-expanded="false"
                  class="flex items-center text-sm text-blue-600 dark:text-blue-400 hover:underline focus:outline-none mt-2"
                  data-headlessui-state=""
                  id="headlessui-disclosure-button-_r_38_"
                  type="button"
                >
                  <span>
                    Show Technologies
                  </span>
                  <svg
                    aria-hidden="true"
                    class="lucide lucide-chevron-down ml-1 w-4 h-4 transition-transform"
                    fill="none"
                    height="24"
                    stroke="currentColor"
                    stroke-linecap="round"
                    stroke-linejoin="round"
                    stroke-width="2"
                    viewBox="0 0 24 24"
                    width="24"
                    xmlns="http://www.w3.org/2000/svg"
                  >
                    <path
                      d="m6 9 6 6 6-6"
                    />
                  </svg>
                </button>
              </div>
            </div>
          </section>
          <section
            class="// Template literal più leggibile
                rounded-2xl bg-gray-100 dark:bg-gray-800 
                border border-gray-300 dark:border-gray-700 
                shadow-md hover:shadow-lg transition-shadow 
                p-4 sm:p-6 w-full relative w-full max-w-2xl md:max-w-3xl p-5 sm:p-6 border border-gray-200/60
                                                       dark:border-gray-700/60 bg-white/60 dark:bg-gray-800/40 backdrop-blur-md
                                                       rounded-xl hover:shadow-lg transition-all duration-300"
          >
            <div
              class="p-4 sm:p-6 md:p-8
                text-sm sm:text-base
                text-gray-900 dark:text-gray-300"
            >
              <h3
                class="text-lg font-semibold"
              >
                Hybrid Full-Stack Architecture
              </h3>
              <p
                class="text-gray-700 dark:text-gray-400"
              >
                Intesa Sanpaolo
              </p>
              <p
                class="text-sm mb-2 text-gray-600 dark:text-gray-500"
              >
                12/2025 - Present
              </p>
              <div
                class="relative"
              >
                <div
                  aria-expanded="false"
                  class="text-sm sm:text-base whitespace-pre-wrap overflow-hidden transition-all duration-500 ease-in-out relative mb-2 text-sm"
                  style="max-height: 4.5em;"
                >
                  Contribution to BE/FE pipelines for financial reporting, integrating modern APIs with legacy systems; applied best practices for architectural solidity in global teams.
                </div>
              </div>
              <div
                data-headlessui-state=""
              >
                <button
                  aria-expanded="false"
                  class="flex items-center text-sm text-blue-600 dark:text-blue-400 hover:underline focus:outline-none mt-2"
                  data-headlessui-state=""
                  id="headlessui-disclosure-button-_r_3a_"
                  type="button"
                >
                  <span>
                    Show Technologies
                  </span>
                  <svg
                    aria-hidden="true"
                    class="lucide lucide-chevron-down ml-1 w-4 h-4 transition-transform"
                    fill="none"
                    height="24"
                    stroke="currentColor"
                    stroke-linecap="round"
                    stroke-linejoin="round"
                    stroke-width="2"
                    viewBox="0 0 24 24"
                    width="24"
                    xmlns="http://www.w3.org/2000/svg"
                  >
                    <path
                      d="m6 9 6 6 6-6"
                    />
                  </svg>
                </button>
              </div>
            </div>
          </section>
        </div>
        <div
          class="hidden md:block mt-4"
        >
          <div
            class="flex flex-wrap justify-center items-center gap-3 mt-8 "
          >
            <button
              class="min-w-[110px] px-4 py-2 border border-gray-300 dark:border-gray-600 rounded-md text-sm font-medium
                           text-gray-800 dark:text-gray-200 bg-white dark:bg-gray-900
                           hover:bg-gray-100 dark:hover:bg-gray-800 disabled:opacity-50 transition text-center"
              disabled=""
            >
              ← Prev
            </button>
            <span
              class="px-4 py-2 text-sm text-gray-600 dark:text-gray-300 whitespace-nowrap"
              data-testid="pagination-info"
            >
              1 / 2
            </span>
            <button
              class="min-w-[110px] px-4 py-2 border border-gray-300 dark:border-gray-600 rounded-md text-sm font-medium
                           text-gray-800 dark:text-gray-200 bg-white dark:bg-gray-900
                           hover:bg-gray-100 dark:hover:bg-gray-800 disabled:opacity-50 transition text-center"
            >
              Next →
            </button>
          </div>
        </div>
      </div>
    </div>
  </section>
</DocumentFragment>
`;
