// Jest Snapshot v1, https://goo.gl/fbAQLP

exports[`CookiePolicy component matches snapshot 1`] = `
<DocumentFragment>
  <main
    class="max-w-4xl mx-auto p-8 bg-white text-gray-900 dark:bg-gray-900 dark:text-gray-300 min-h-screen"
  >
    <h1
      class="text-4xl font-bold mb-6"
    >
      Cookie Policy
    </h1>
    <section
      class="mb-8"
    >
      <h2
        class="text-2xl font-semibold mb-2"
      >
        What cookies are
      </h2>
      <p>
        cookie.what_text
      </p>
    </section>
    <section
      class="mb-8"
    >
      <h2
        class="text-2xl font-semibold mb-2"
      >
        Types of cookies
      </h2>
      <ul
        class="list-disc pl-6 space-y-2"
      >
        <li>
          <strong>
            Technical cookies:
          </strong>
           Technical cookie description
        </li>
        <li>
          <strong>
            Analytics cookies:
          </strong>
           Analytics cookie description
        </li>
        <li>
          <strong>
            Profiling cookies:
          </strong>
           Profiling cookie description
        </li>
      </ul>
    </section>
    <section
      class="mb-8"
    >
      <h2
        class="text-2xl font-semibold mb-2"
      >
        Consent
      </h2>
      <p>
        Consent text here
      </p>
    </section>
    <section
      class="mb-8"
    >
      <h2
        class="text-2xl font-semibold mb-2"
      >
        Manage cookies
      </h2>
      <p>
        Manage cookies instructions
      </p>
      <ul
        class="list-disc pl-6 space-y-1 mt-2"
      >
        <li>
          <a
            class="underline"
            href="https://support.google.com/chrome/answer/95647"
            rel="noopener noreferrer"
            target="_blank"
          >
            Chrome
          </a>
        </li>
        <li>
          <a
            class="underline"
            href="https://support.mozilla.org/kb/enable-and-disable-cookies-website-preferences"
            rel="noopener noreferrer"
            target="_blank"
          >
            Firefox
          </a>
        </li>
        <li>
          <a
            class="underline"
            href="https://support.apple.com/en-us/HT201265"
            rel="noopener noreferrer"
            target="_blank"
          >
            Safari
          </a>
        </li>
        <li>
          <a
            class="underline"
            href="https://support.microsoft.com/help/17442"
            rel="noopener noreferrer"
            target="_blank"
          >
            Edge
          </a>
        </li>
      </ul>
    </section>
    <section
      class="mb-8"
    >
      <h2
        class="text-2xl font-semibold mb-2"
      >
        Your rights
      </h2>
      <p>
        Your rights description
      </p>
      <p
        class="mt-2"
      >
        Contact us at 
        <a
          class="text-blue-600 dark:text-blue-400 underline"
          href="mailto:masone.daniele@gmail.com"
        >
          masone.daniele@gmail.com
        </a>
      </p>
    </section>
    <footer
      class="border-t border-gray-300 dark:border-gray-700 pt-4 text-sm text-gray-500 dark:text-gray-600 text-center"
    >
      Last updated: June 2025
    </footer>
  </main>
</DocumentFragment>
`;
