// Vitest Snapshot v1, https://vitest.dev/guide/snapshot.html

exports[`Testimonials component with mobile + desktop paginators > matches snapshot 1`] = `
<DocumentFragment>
  <section
    class="px-4 py-6 sm:px-6 md:px-8 max-w-7xl mx-auto"
  >
    <h2
      class="text-2xl sm:text-3xl font-bold mb-4 sm:mb-6 text-gray-900 dark:text-white"
    >
      Testimonials
    </h2>
    <div
      class="md:hidden sticky top-0 z-20 bg-white/80 dark:bg-gray-900/80 backdrop-blur-md py-2 mb-4 border-b border-gray-200 dark:border-gray-700"
    >
      <div
        class="flex flex-wrap justify-center items-center gap-3 mt-8 "
      >
        <button
          class="min-w-[110px] px-4 py-2 border border-gray-300 dark:border-gray-600 rounded-md text-sm font-medium
                           text-gray-800 dark:text-gray-200 bg-white dark:bg-gray-900
                           hover:bg-gray-100 dark:hover:bg-gray-800 disabled:opacity-50 transition text-center"
          disabled=""
        >
          ← Prev
        </button>
        <span
          class="px-4 py-2 text-sm text-gray-600 dark:text-gray-300 whitespace-nowrap"
          data-testid="pagination-info"
        >
          1 / 6
        </span>
        <button
          class="min-w-[110px] px-4 py-2 border border-gray-300 dark:border-gray-600 rounded-md text-sm font-medium
                           text-gray-800 dark:text-gray-200 bg-white dark:bg-gray-900
                           hover:bg-gray-100 dark:hover:bg-gray-800 disabled:opacity-50 transition text-center"
        >
          Next →
        </button>
      </div>
    </div>
    <div
      class="min-h-[70vh] flex flex-col [&>*]:h-72"
    >
      <div
        aria-label="Page 1"
        class="flex-1 grid grid-cols-1 md:grid-cols-2 gap-6 pt-4"
        role="grid"
        style="opacity: 0; transform: scale(0.96);"
      >
        <section
          class="rounded-2xl bg-gray-100 dark:bg-gray-800 
                border border-gray-300 dark:border-gray-700 
                shadow-md hover:shadow-lg transition-shadow 
                p-4 sm:p-6 w-full relative w-full p-5 sm:p-6 border border-gray-200/60
                                     dark:border-gray-700/60 bg-white/60 dark:bg-gray-800/40 backdrop-blur-md
                                       rounded-xl hover:shadow-lg transition-all duration-300 flex flex-col"
          data-testid="testimonial-card"
        >
          <div
            class="flex-shrink-0 mb-4 pb-2 border-b border-gray-200/50 dark:border-gray-700/50"
          >
            <div
              class="flex items-center justify-between"
            >
              <div
                class="flex items-center space-x-3"
              >
                <img
                  alt="Mirko avatar"
                  class="w-12 h-12 rounded-full ring-2 ring-gray-200 dark:ring-gray-600 bg-white shadow-md"
                  src="https://api.dicebear.com/7.x/bottts/svg?seed=Mirko"
                />
                <div>
                  <p
                    class="font-semibold text-gray-900 dark:text-white flex items-center gap-2"
                  >
                    Mirko
                    <a
                      href="https://www.linkedin.com/in/mirko-buccoliero-5a552615a"
                      rel="noopener noreferrer"
                      target="_blank"
                    >
                      <svg
                        aria-hidden="true"
                        fill="#0A66C2"
                        height="20"
                        role="img"
                        viewBox="0 0 24 24"
                        width="20"
                        xmlns="http://www.w3.org/2000/svg"
                      >
                        <path
                          d="M20.447 20.452h-3.554v-5.569c0-1.328-.027-3.037-1.85-3.037-1.853 0-2.136 1.445-2.136 2.939v5.667h-3.554V9h3.414v1.561h.049c.477-.9 1.637-1.85 3.367-1.85 3.598 0 4.265 2.368 4.265 5.452v6.289zM5.337 7.433a2.063 2.063 0 1 1 0-4.126 2.063 2.063 0 0 1 0 4.126zM6.814 20.452H3.861V9h2.953v11.452zM22.225 0H1.771C.792 0 0 .774 0 1.723v20.549C0 23.226.792 24 1.771 24h20.451C23.2 24 24 23.226 24 22.272V1.723C24 .774 23.2 0 22.225 0z"
                        />
                      </svg>
                    </a>
                  </p>
                  <p
                    class="text-sm text-gray-500 dark:text-gray-400 font-medium"
                  >
                    Developer
                  </p>
                </div>
              </div>
            </div>
          </div>
          <div
            class="flex-1 flex flex-col p-4 justify-center items-stretch"
          >
            <div
              class="flex-1 flex items-center justify-center px-2"
            >
              <div
                class="w-full max-w-lg text-center"
              >
                <div
                  class="relative"
                >
                  <div
                    aria-expanded="false"
                    class="text-sm sm:text-base whitespace-pre-wrap overflow-hidden transition-all duration-500 ease-in-out relative italic text-base md:text-lg text-gray-800 dark:text-gray-200 leading-relaxed font-light tracking-tight px-4 py-4 bg-gradient-to-b from-transparent via-white/70 to-transparent dark:via-gray-800/50 rounded-xl backdrop-blur-sm shadow-inner border border-gray-100/40 dark:border-gray-700/40"
                    style="max-height: 4.5em;"
                  >
                    Great work!
                  </div>
                </div>
              </div>
            </div>
          </div>
        </section>
        <section
          class="rounded-2xl bg-gray-100 dark:bg-gray-800 
                border border-gray-300 dark:border-gray-700 
                shadow-md hover:shadow-lg transition-shadow 
                p-4 sm:p-6 w-full relative w-full p-5 sm:p-6 border border-gray-200/60
                                     dark:border-gray-700/60 bg-white/60 dark:bg-gray-800/40 backdrop-blur-md
                                       rounded-xl hover:shadow-lg transition-all duration-300 flex flex-col"
          data-testid="testimonial-card"
        >
          <div
            class="flex-shrink-0 mb-4 pb-2 border-b border-gray-200/50 dark:border-gray-700/50"
          >
            <div
              class="flex items-center justify-between"
            >
              <div
                class="flex items-center space-x-3"
              >
                <img
                  alt="Alessia avatar"
                  class="w-12 h-12 rounded-full ring-2 ring-gray-200 dark:ring-gray-600 bg-white shadow-md"
                  src="https://api.dicebear.com/7.x/bottts/svg?seed=Alessia"
                />
                <div>
                  <p
                    class="font-semibold text-gray-900 dark:text-white flex items-center gap-2"
                  >
                    Alessia
                    <a
                      href="https://www.linkedin.com/in/alessiapecorarohr"
                      rel="noopener noreferrer"
                      target="_blank"
                    >
                      <svg
                        aria-hidden="true"
                        fill="#0A66C2"
                        height="20"
                        role="img"
                        viewBox="0 0 24 24"
                        width="20"
                        xmlns="http://www.w3.org/2000/svg"
                      >
                        <path
                          d="M20.447 20.452h-3.554v-5.569c0-1.328-.027-3.037-1.85-3.037-1.853 0-2.136 1.445-2.136 2.939v5.667h-3.554V9h3.414v1.561h.049c.477-.9 1.637-1.85 3.367-1.85 3.598 0 4.265 2.368 4.265 5.452v6.289zM5.337 7.433a2.063 2.063 0 1 1 0-4.126 2.063 2.063 0 0 1 0 4.126zM6.814 20.452H3.861V9h2.953v11.452zM22.225 0H1.771C.792 0 0 .774 0 1.723v20.549C0 23.226.792 24 1.771 24h20.451C23.2 24 24 23.226 24 22.272V1.723C24 .774 23.2 0 22.225 0z"
                        />
                      </svg>
                    </a>
                  </p>
                  <p
                    class="text-sm text-gray-500 dark:text-gray-400 font-medium"
                  >
                    Designer
                  </p>
                </div>
              </div>
            </div>
          </div>
          <div
            class="flex-1 flex flex-col p-4 justify-center items-stretch"
          >
            <div
              class="flex-1 flex items-center justify-center px-2"
            >
              <div
                class="w-full max-w-lg text-center"
              >
                <div
                  class="relative"
                >
                  <div
                    aria-expanded="false"
                    class="text-sm sm:text-base whitespace-pre-wrap overflow-hidden transition-all duration-500 ease-in-out relative italic text-base md:text-lg text-gray-800 dark:text-gray-200 leading-relaxed font-light tracking-tight px-4 py-4 bg-gradient-to-b from-transparent via-white/70 to-transparent dark:via-gray-800/50 rounded-xl backdrop-blur-sm shadow-inner border border-gray-100/40 dark:border-gray-700/40"
                    style="max-height: 4.5em;"
                  >
                    Amazing service!
                  </div>
                </div>
              </div>
            </div>
          </div>
        </section>
        <section
          class="rounded-2xl bg-gray-100 dark:bg-gray-800 
                border border-gray-300 dark:border-gray-700 
                shadow-md hover:shadow-lg transition-shadow 
                p-4 sm:p-6 w-full relative w-full p-5 sm:p-6 border border-gray-200/60
                                     dark:border-gray-700/60 bg-white/60 dark:bg-gray-800/40 backdrop-blur-md
                                       rounded-xl hover:shadow-lg transition-all duration-300 flex flex-col"
          data-testid="testimonial-card"
        >
          <div
            class="flex-shrink-0 mb-4 pb-2 border-b border-gray-200/50 dark:border-gray-700/50"
          >
            <div
              class="flex items-center justify-between"
            >
              <div
                class="flex items-center space-x-3"
              >
                <img
                  alt="Federico avatar"
                  class="w-12 h-12 rounded-full ring-2 ring-gray-200 dark:ring-gray-600 bg-white shadow-md"
                  src="https://api.dicebear.com/7.x/bottts/svg?seed=Federico"
                />
                <div>
                  <p
                    class="font-semibold text-gray-900 dark:text-white flex items-center gap-2"
                  >
                    Federico
                    <a
                      href="https://www.linkedin.com/in/federico-s-62a333110"
                      rel="noopener noreferrer"
                      target="_blank"
                    >
                      <svg
                        aria-hidden="true"
                        fill="#0A66C2"
                        height="20"
                        role="img"
                        viewBox="0 0 24 24"
                        width="20"
                        xmlns="http://www.w3.org/2000/svg"
                      >
                        <path
                          d="M20.447 20.452h-3.554v-5.569c0-1.328-.027-3.037-1.85-3.037-1.853 0-2.136 1.445-2.136 2.939v5.667h-3.554V9h3.414v1.561h.049c.477-.9 1.637-1.85 3.367-1.85 3.598 0 4.265 2.368 4.265 5.452v6.289zM5.337 7.433a2.063 2.063 0 1 1 0-4.126 2.063 2.063 0 0 1 0 4.126zM6.814 20.452H3.861V9h2.953v11.452zM22.225 0H1.771C.792 0 0 .774 0 1.723v20.549C0 23.226.792 24 1.771 24h20.451C23.2 24 24 23.226 24 22.272V1.723C24 .774 23.2 0 22.225 0z"
                        />
                      </svg>
                    </a>
                  </p>
                  <p
                    class="text-sm text-gray-500 dark:text-gray-400 font-medium"
                  >
                    Manager
                  </p>
                </div>
              </div>
            </div>
          </div>
          <div
            class="flex-1 flex flex-col p-4 justify-center items-stretch"
          >
            <div
              class="flex-1 flex items-center justify-center px-2"
            >
              <div
                class="w-full max-w-lg text-center"
              >
                <div
                  class="relative"
                >
                  <div
                    aria-expanded="false"
                    class="text-sm sm:text-base whitespace-pre-wrap overflow-hidden transition-all duration-500 ease-in-out relative italic text-base md:text-lg text-gray-800 dark:text-gray-200 leading-relaxed font-light tracking-tight px-4 py-4 bg-gradient-to-b from-transparent via-white/70 to-transparent dark:via-gray-800/50 rounded-xl backdrop-blur-sm shadow-inner border border-gray-100/40 dark:border-gray-700/40"
                    style="max-height: 4.5em;"
                  >
                    Highly recommend!
                  </div>
                </div>
              </div>
            </div>
          </div>
        </section>
        <section
          class="rounded-2xl bg-gray-100 dark:bg-gray-800 
                border border-gray-300 dark:border-gray-700 
                shadow-md hover:shadow-lg transition-shadow 
                p-4 sm:p-6 w-full relative w-full p-5 sm:p-6 border border-gray-200/60
                                     dark:border-gray-700/60 bg-white/60 dark:bg-gray-800/40 backdrop-blur-md
                                       rounded-xl hover:shadow-lg transition-all duration-300 flex flex-col"
          data-testid="testimonial-card"
        >
          <div
            class="flex-shrink-0 mb-4 pb-2 border-b border-gray-200/50 dark:border-gray-700/50"
          >
            <div
              class="flex items-center justify-between"
            >
              <div
                class="flex items-center space-x-3"
              >
                <img
                  alt="Daniela avatar"
                  class="w-12 h-12 rounded-full ring-2 ring-gray-200 dark:ring-gray-600 bg-white shadow-md"
                  src="https://api.dicebear.com/7.x/bottts/svg?seed=Daniela"
                />
                <div>
                  <p
                    class="font-semibold text-gray-900 dark:text-white flex items-center gap-2"
                  >
                    Daniela
                    <a
                      href="https://www.linkedin.com/in/danielatagliaviadaragona"
                      rel="noopener noreferrer"
                      target="_blank"
                    >
                      <svg
                        aria-hidden="true"
                        fill="#0A66C2"
                        height="20"
                        role="img"
                        viewBox="0 0 24 24"
                        width="20"
                        xmlns="http://www.w3.org/2000/svg"
                      >
                        <path
                          d="M20.447 20.452h-3.554v-5.569c0-1.328-.027-3.037-1.85-3.037-1.853 0-2.136 1.445-2.136 2.939v5.667h-3.554V9h3.414v1.561h.049c.477-.9 1.637-1.85 3.367-1.85 3.598 0 4.265 2.368 4.265 5.452v6.289zM5.337 7.433a2.063 2.063 0 1 1 0-4.126 2.063 2.063 0 0 1 0 4.126zM6.814 20.452H3.861V9h2.953v11.452zM22.225 0H1.771C.792 0 0 .774 0 1.723v20.549C0 23.226.792 24 1.771 24h20.451C23.2 24 24 23.226 24 22.272V1.723C24 .774 23.2 0 22.225 0z"
                        />
                      </svg>
                    </a>
                  </p>
                  <p
                    class="text-sm text-gray-500 dark:text-gray-400 font-medium"
                  >
                    QA
                  </p>
                </div>
              </div>
            </div>
          </div>
          <div
            class="flex-1 flex flex-col p-4 justify-center items-stretch"
          >
            <div
              class="flex-1 flex items-center justify-center px-2"
            >
              <div
                class="w-full max-w-lg text-center"
              >
                <div
                  class="relative"
                >
                  <div
                    aria-expanded="false"
                    class="text-sm sm:text-base whitespace-pre-wrap overflow-hidden transition-all duration-500 ease-in-out relative italic text-base md:text-lg text-gray-800 dark:text-gray-200 leading-relaxed font-light tracking-tight px-4 py-4 bg-gradient-to-b from-transparent via-white/70 to-transparent dark:via-gray-800/50 rounded-xl backdrop-blur-sm shadow-inner border border-gray-100/40 dark:border-gray-700/40"
                    style="max-height: 4.5em;"
                  >
                    Thorough testing.
                  </div>
                </div>
              </div>
            </div>
          </div>
        </section>
      </div>
    </div>
    <div
      class="hidden md:block mt-4"
    >
      <div
        class="flex flex-wrap justify-center items-center gap-3 mt-8 "
      >
        <button
          class="min-w-[110px] px-4 py-2 border border-gray-300 dark:border-gray-600 rounded-md text-sm font-medium
                           text-gray-800 dark:text-gray-200 bg-white dark:bg-gray-900
                           hover:bg-gray-100 dark:hover:bg-gray-800 disabled:opacity-50 transition text-center"
          disabled=""
        >
          ← Prev
        </button>
        <span
          class="px-4 py-2 text-sm text-gray-600 dark:text-gray-300 whitespace-nowrap"
          data-testid="pagination-info"
        >
          1 / 6
        </span>
        <button
          class="min-w-[110px] px-4 py-2 border border-gray-300 dark:border-gray-600 rounded-md text-sm font-medium
                           text-gray-800 dark:text-gray-200 bg-white dark:bg-gray-900
                           hover:bg-gray-100 dark:hover:bg-gray-800 disabled:opacity-50 transition text-center"
        >
          Next →
        </button>
      </div>
    </div>
  </section>
</DocumentFragment>
`;
